2025-02-26 10:14:09 [INFO]: ✅ Connected to SQLite Database
2025-02-26 10:48:30 [INFO]: ✅ Connected to SQLite Database
2025-02-26 10:49:11 [INFO]: ✅ Connected to SQLite Database
2025-02-26 10:57:57 [INFO]: ✅ Connected to SQLite Database
2025-02-26 11:00:53 [INFO]: ✅ Connected to SQLite Database
2025-03-03 05:00:09 [INFO]: ✅ Connected to SQLite Database
2025-03-03 05:03:33 [INFO]: ✅ Connected to SQLite Database
2025-03-03 05:04:24 [INFO]: ✅ Connected to SQLite Database
2025-03-03 05:26:51 [INFO]: ✅ Connected to SQLite Database
2025-03-03 05:50:23 [INFO]: ✅ Connected to SQLite Database
2025-03-03 06:41:16 [INFO]: ✅ Connected to SQLite Database
2025-03-03 06:43:43 [INFO]: ✅ Connected to SQLite Database
2025-03-03 10:34:45 [INFO]: ✅ Connected to SQLite Database
2025-03-03 10:59:19 [INFO]: ✅ Connected to SQLite Database
2025-03-03 12:29:40 [INFO]: ✅ Connected to SQLite Database
2025-03-04 04:20:54 [INFO]: ✅ Connected to SQLite Database
2025-03-04 07:00:36 [INFO]: ✅ Connected to SQLite Database at: C:\Users\Harun\AppData\Roaming\alfa\database.sqlite
2025-03-04 07:00:36 [INFO]: 🔗 Foreign Key support enabled.
2025-03-04 07:06:26 [INFO]: ✅ Connected to SQLite Database at: C:\Users\Harun\AppData\Roaming\alfa\database.sqlite
2025-03-04 07:06:26 [INFO]: 🔗 Foreign Key support enabled.
2025-03-04 07:08:44 [INFO]: ✅ Connected to SQLite Database at: C:\Users\Harun\AppData\Roaming\alfa\database.sqlite
2025-03-04 07:08:44 [INFO]: 🔗 Foreign Key support enabled.
2025-03-04 07:12:32 [INFO]: ✅ Connected to SQLite Database at: C:\Users\Harun\AppData\Roaming\alfa\database.sqlite
2025-03-04 07:12:32 [INFO]: 🔗 Foreign Key support enabled.
2025-03-04 07:16:48 [INFO]: ✅ Connected to SQLite Database at: C:\Users\Harun\AppData\Roaming\alfa\database.sqlite
2025-03-04 07:16:48 [INFO]: 🔗 Foreign Key support enabled.
2025-03-04 07:18:13 [INFO]: ✅ Connected to SQLite Database at: C:\Users\Harun\AppData\Roaming\alfa\database.sqlite
2025-03-04 07:18:13 [INFO]: 🔗 Foreign Key support enabled.
2025-03-04 07:22:28 [INFO]: ✅ Connected to SQLite Database at: C:\Users\Harun\AppData\Roaming\alfa\database.sqlite
2025-03-04 07:22:28 [INFO]: 🔗 Foreign Key support enabled.
2025-03-04 11:55:20 [INFO]: ✅ Connected to SQLite Database at: C:\Users\Harun\AppData\Roaming\alfa\database.sqlite
2025-03-04 11:55:20 [INFO]: 🔗 Foreign Key support enabled.
2025-03-04 12:15:16 [INFO]: ✅ Connected to SQLite Database at: C:\Users\Harun\AppData\Roaming\alfa\database.sqlite
2025-03-04 12:15:16 [INFO]: 🔗 Foreign Key support enabled.
2025-03-04 12:15:16 [INFO]: ✅ Migration 4: Create CurrencyMST Table
2025-03-04 12:17:27 [INFO]: ✅ Connected to SQLite Database at: C:\Users\Harun\AppData\Roaming\alfa\database.sqlite
2025-03-04 12:17:28 [INFO]: 🔗 Foreign Key support enabled.
2025-03-04 12:18:00 [INFO]: ✅ Connected to SQLite Database at: C:\Users\Harun\AppData\Roaming\alfa\database.sqlite
2025-03-04 12:18:00 [INFO]: 🔗 Foreign Key support enabled.
2025-03-04 12:18:33 [INFO]: ✅ Connected to SQLite Database at: C:\Users\Harun\AppData\Roaming\alfa\database.sqlite
2025-03-04 12:18:33 [INFO]: 🔗 Foreign Key support enabled.
2025-03-05 10:49:51 [INFO]: ✅ Connected to SQLite Database at: C:\Users\Hiren\AppData\Roaming\alfa\database.sqlite
2025-03-05 10:49:51 [INFO]: 🔗 Foreign Key support enabled.
2025-03-05 10:49:51 [ERROR]: ❌ Error Fetching Migrations:
2025-03-05 10:50:57 [INFO]: ✅ Connected to SQLite Database at: C:\Users\Hiren\AppData\Roaming\alfa\database.sqlite
2025-03-05 10:50:57 [INFO]: 🔗 Foreign Key support enabled.
2025-03-05 10:50:57 [INFO]: ✅ Migration 1: Create BottomNote Table
2025-03-05 10:50:57 [INFO]: ✅ Migration 2: Create Company Table
2025-03-05 10:50:57 [INFO]: ✅ Migration 3: Create Containers Table
2025-03-05 10:50:57 [INFO]: ✅ Migration 4: Create currency Table
2025-03-05 10:50:57 [INFO]: ✅ Migration 5: Create Users Table
2025-03-05 11:28:36 [INFO]: ✅ Connected to SQLite Database at: C:\Users\Hiren\AppData\Roaming\alfa\database.sqlite
2025-03-05 11:28:37 [INFO]: 🔗 Foreign Key support enabled.
2025-03-05 11:29:31 [INFO]: ✅ Connected to SQLite Database at: C:\Users\Hiren\AppData\Roaming\alfa\database.sqlite
2025-03-05 11:29:32 [INFO]: 🔗 Foreign Key support enabled.
2025-03-05 12:17:41 [INFO]: ✅ Connected to SQLite Database at: C:\Users\Hiren\AppData\Roaming\alfa\database.sqlite
2025-03-05 12:17:41 [INFO]: 🔗 Foreign Key support enabled.
